#http://www.tiddlywiki.com/empty.html | TiddlyWiki | TiddlyWiki
#http://svn.tiddlywiki.org/Trunk/association/services/pluginLibrary/test | SVN | Test

http://tiddlywiki.abego-software.de | TiddlyWiki | abegoExtensions
http://tiddlywiki.bidix.info | TiddlyWiki | BidiXTW
http://www.tiddlywiki.com/coreplugins.html | TiddlyWiki | Core Plugins
http://mptw.tiddlyspot.com | TiddlyWiki | MPTW
http://www.tiddlytools.com | TiddlyWiki | TiddlyTools
http://visualtw.ouvaton.org/VisualTW.html | TiddlyWiki | VisualTW
http://svn.tiddlywiki.org/Trunk/contributors/BidiX/ | SVN | contributor: BidiX
http://svn.tiddlywiki.org/Trunk/contributors/BobMcElrath/ | SVN | contributor: Bob McElrath
http://svn.tiddlywiki.org/Trunk/contributors/FND/ | SVN | contributor: FND
#http://svn.tiddlywiki.org/Trunk/contributors/SaqImtiaz/ | SVN | contributor: Saq Imtiaz
http://svn.tiddlywiki.org/Trunk/contributors/SimonBaird/ | SVN | contributor: Simon Baird
http://svn.tiddlywiki.org/Trunk/contributors/UdoBorkowski/ | SVN | contributor: Udo Borkowski
http://bob.mcelrath.org/plugins.html | TiddlyWiki | BobMcElrath
http://devpad.tiddlyspot.com | TiddlyWiki | FND's DevPad
http://end.com/~speth/HaloscanMacro.html | TiddlyWiki | HaloscanMacro
http://jackparke.googlepages.com/jtw.html | TiddlyWiki | Jack's TiddlyWiki
http://www.martinswiki.com | TiddlyWiki | Martin's Wiki
http://www.math.ist.utl.pt/~psoares/addons.html | TiddlyWiki | Paulo Soares TiddlyWiki
http://tiddlywiki.ouvaton.org/Demo.html | TiddlyWiki | RichTextPlugin
http://www.remotely-helpful.com/TiddlyWiki/TiddlerEncryptionPlugin.html | TiddlyWiki | TiddlerEncryptionPlugin
http://www.minormania.com/tiddlylock/tiddlylock.html | TiddlyWiki | TiddlyLockPlugin
http://remindermacros.tiddlyspot.com/ | TiddlyWiki | TiddlyWiki Reminder Plugin
http://yann.perrin.googlepages.com/twkd.html | TiddlyWiki | Tweaked TiddlyWiki
#http://svn.tiddlywiki.org/Trunk/association/plugins/ | SVN | Community Plugins
#http://svn.tiddlywiki.org/Trunk/contributors/ChrisDent/ | SVN | contributor: Chris Dent
#http://svn.tiddlywiki.org/Trunk/contributors/JonathanLister/ | SVN | contributor: Jonathan Lister
#http://svn.tiddlywiki.org/Trunk/contributors/LyallPearce/ | SVN | contributor: Lyall Pearce
#http://svn.tiddlywiki.org/Trunk/contributors/MartinBudden/ | SVN | contributor: Martin Budden
#http://svn.tiddlywiki.org/Trunk/contributors/PaulDowney/ | SVN | contributor: Paul Downey
#http://svn.tiddlywiki.org/Trunk/contributors/PhilHawksworth/ | SVN | contributor: Phil Hawksworth
#http://svn.tiddlywiki.org/Trunk/contributors/XavierVerges/ | SVN | contributor: Xavier Verges
#http://fnd.lewcid.org/svn/TiddlyWiki/plugins/ | SVN | FND's Subversion repository
#http://luceatlux.net/macros/answer | TiddlyWiki | AnswerMacro
#http://weave.tiddlyspot.com/index.html | TiddlyWiki | AutoWeavePlugin
#http://baggr.tiddlyspot.com/index.html | TiddlyWiki | Baggr
#http://www.ticklerwiki.com | TiddlyWiki | TicklerWiki
#http://discerningtags.tiddlyspot.com/ | TiddlyWiki | DiscerningTags
#http://gwsyzygy.googlepages.com/creator.html | TiddlyWiki | gkwWiki
#http://imgsearch.tiddlyspot.com/ | TiddlyWiki | Google Images Search
#http://www.potto.client.jp/htmlslidymaker/index.html | TiddlyWiki | HTML Slidy Maker
#http://knighjm.googlepages.com/knightnet-default-tw.html | TiddlyWiki | Knightnet Default TiddlyWiki
#http://labwiki.sourceforge.net/ | TiddlyWiki | LabWiki
#http://bob.mcelrath.org/tiddlyjsmath.html | TiddlyWiki | LATEX TiddlyWiki
#http://remotely-helpful.com/TiddlyWiki/LaunchApplication.html | TiddlyWiki | LaunchApplication
#http://www.macrolinz.com/macrolinz/tiddlyware/MacroLinz.html | TiddlyWiki | MacroLinz TiddlyWare
#http://genisis329.googlepages.com/TWMath.html | TiddlyWiki | MathCell TiddlyWiki
#http://checkettsweb.com/tw/beta.html#NewTiddlerAutoNumberExtension | TiddlyWiki | MetaQuotes
#http://moodle.tiddlyspot.com/ | TiddlyWiki | Moodle Wiki - Tiddlywiki Integration
#http://rgplugins.tiddlyspot.com/ | TiddlyWiki | n00b@work
#http://bradleymeck.tiddlyspot.com | TiddlyWiki | PeachTW
#http://lewcid.googlepages.com/presentation_empty_full.html#author:true | TiddlyWiki | PresentationPlugin
#http://ptw.sourceforge.net/ptwe.html | TiddlyWiki | PrinceTiddlyWiki
#http://solo.dc3.com/tw/ | TiddlyWiki | Red Mountain Vista
#http://www.martinswiki.com/timeline/ | TiddlyWiki | Simile Timeline - a TiddlyWiki demomstrator
#http://project.dahukanna.net/tiddlywiki/timeline/sampletimeline220b5.html | TiddlyWiki | Simile Timeline 2.2.0
#http://aiddlywiki.sourceforge.net/NewHere_demo.html | TiddlyWiki | NewHereCommand
#http://soloport.tiddlyspot.com/ | TiddlyWiki | Soloport
#http://paularodrigo.homeip.net/stickydate.html | TiddlyWiki | StickyDate
#http://syncoutlooknotes.tiddlyspot.com/ | TiddlyWiki | SyncOutlookNotes
#http://tiddlystyles.com | TiddlyWiki | TiddlyStyles
#http://project.dahukanna.net/tiddlywiki/twextensions.htm | TiddlyWiki | TiddlyWiki Extensions 2.1.3
#http://www.rumsby.org/yatwa2/ | TiddlyWiki | YATWA 2
#http://www.anshul.info/blogwiki.html | TiddlyWiki | Blog plugin
#http://journal.conal.net/ | TiddlyWiki | Conal's Journal
#http://www.zagware.com/tw/plugins.html | TiddlyWiki | Doug Compton
#http://danielbaird.com/tiddlywinks/ | TiddlyWiki | Tiddly W;nks!
#http://www.checkettsweb.com/tw/tiddlywikise.htm | TiddlyWiki | TiddlyWiki Student Edition
#http://www.tiddly-twab.com/ | TiddlyWiki | twab - the tiddly wiki address book
#http://twhelp.tiddlyspot.com/ | TiddlyWiki | TW Help
#http://garr.dl.sourceforge.net/sourceforge/ptw/ | ? | Index of /sourceforge/ptw
#http://svn.tiddlywiki.org/Trunk/contributors/BramChen/ | SVN | contributor: Bram Chen
#http://svn.tiddlywiki.org/Trunk/contributors/ClintChecketts/ | SVN | contributor: Clint Checketts
#http://svn.tiddlywiki.org/Trunk/contributors/DanielBaird/ | SVN | contributor: Daniel Baird
#http://svn.tiddlywiki.org/Trunk/contributors/DawnAhukanna/ | SVN | contributor: Dawn Ahukanna
#http://svn.tiddlywiki.org/Trunk/contributors/DevonJones/ | SVN | contributor: Devon Jones
#http://svn.tiddlywiki.org/Trunk/contributors/GeorgVictorVoutsinos/ | SVN | contributor: Georg Victor Voutsinos
#http://svn.tiddlywiki.org/Trunk/contributors/JamesLelyveld/ | SVN | contributor: James Lelyveld
#http://svn.tiddlywiki.org/Trunk/contributors/JeremyRuston/ | SVN | contributor: Jeremy Ruston
#http://svn.tiddlywiki.org/Trunk/contributors/JiangZhanYong/ | SVN | contributor: Jiang Zhan Yong
#http://svn.tiddlywiki.org/Trunk/contributors/MilchFlasche/ | SVN | contributor: MilchFlasche
#http://svn.tiddlywiki.org/Trunk/contributors/SimonMcManus/ | SVN | contributor: Simon McManus
#http://svn.tiddlywiki.org/Trunk/contributors/Traanf/ | SVN | contributor: Traanf
#http://biblestudy.tiddlyspot.com/ | TiddlyWiki | ESVInlineMacro2
#http://ido-xp.tiddlyspot.com/ | TiddlyWiki | Ido's TiddlyWiki Extensions
#http://kuraku.net/tw/ | TiddlyWiki | KuRaKu TiddlyWiki Top
#http://umibozu.org/en/index.html | TiddlyWiki | Umibozu - Wikify your web album
#http://svn.tiddlywiki.org/Trunk/contributors/EricShulman/ | SVN | contributor: Eric Shulman
#http://svn.tiddlywiki.org/Trunk/contributors/NickWebb/ | SVN | contributor: Nick Webb
#http://svn.tiddlywiki.org/Trunk/contributors/Zooko/ | SVN | contributor: Zooko
#http://tw.lewcid.org/svn/plugins/ | SVN | Lewcid's Subversion repository
#http://trac.tiddlywiki.org/browser/Trunk/contributors | SVN | TiddlyWiki contributors
#http://math.chapman.edu/~jipsen/asciencepad/asciencepad.html | TiddlyWiki | ASciencePad
#http://www-static.cc.gatech.edu/~dellaert/dhtml/tiddly.html | TiddlyWiki | Frank Dellaert's TiddlyWiki Page
#http://franklin.ro/tw/HackingTW.html | TiddlyWiki | Hacking TW
#http://tw.lewcid.org | TiddlyWiki | Lewcid TW
#http://martinswiki.com/prereleases.html | TiddlyWiki | Martin's pre-release TiddlyWiki
#http://mptw2.tiddlyspot.com/ | TiddlyWiki | MonkeyPirateTiddlyWiki
#http://mptw1.tiddlyspot.com/ | TiddlyWiki | MonkeyPirateTiddlyWiki 1
#http://www.fabriceproudhon.com/superphysique/#SEOTiddlyWikiPlugin | TiddlyWiki | SEOTiddlyWikiPlugin
#http://www.cs.utexas.edu/~joeraii/siglet/ | TiddlyWiki | siglet
#http://www.digitaldimsum.co.uk/wp-content/uploads/2007/04/tiddlydesktop-v10beta2.htm | TiddlyWiki | TiddlyDesktop v1.0
#http://www.personal.psu.edu/ach12/tiddlywiki/extensions.htm | TiddlyWiki | TiddlyWikiExtensions
#http://yann.perrin.googlepages.com/twkd1.html | TiddlyWiki | TWkd
#http://aiddlywiki.sourceforge.net/wikibar_demo_2.html | TiddlyWiki | WikiBar for TiddlyWiki 2.0.0
#http://www.twteamserver.de/es/index3.php | TiddlyWiki | wikiMobil
#http://www.rumsby.org/yatwa/ | TiddlyWiki | YATWA
#http://www.zrenard.com/tiddlywiki/tiddlywiki.html | TiddlyWiki | zRenard
#http://fire.atspace.org/ | TiddlyWiki | Загубени Мисли
#http://cleanlayout.tiddlyspot.com/ | TiddlyWiki |
#http://gensoft.revhost.net/Collapse.html | TiddlyWiki | Collapse Plugin
